nohup: ignoring input
INFO:     Started server process [98558]
INFO:     Waiting for application startup.
INFO:     Application startup complete.
INFO:     Uvicorn running on http://127.0.0.1:8000 (Press CTRL+C to quit)
2026-09-14 17:12:49,240 INFO sqlalchemy.engine.Engine select pg_catalog.version()
2026-09-14 17:12:49,240 INFO sqlalchemy.engine.Engine [raw sql] ()
2026-09-14 17:12:49,243 INFO sqlalchemy.engine.Engine select current_schema()
2026-09-14 17:12:49,243 INFO sqlalchemy.engine.Engine [raw sql] ()
2026-09-14 17:12:49,244 INFO sqlalchemy.engine.Engine show standard_conforming_strings
2026-09-14 17:12:49,244 INFO sqlalchemy.engine.Engine [raw sql] ()
2026-09-14 17:12:49,245 INFO sqlalchemy.engine.Engine BEGIN (implicit)
2026-09-14 17:12:49,274 INFO sqlalchemy.engine.Engine SELECT regulations.id, regulations.code, regulations.title, regulations.statute, regulations.section_reference, regulations.category, regulations.authority, regulations.description, regulations.consequence_of_non_compliance, regulations.version, regulations.is_active, regulations.created_at, regulations.updated_at 
FROM regulations
2026-09-14 17:12:49,274 INFO sqlalchemy.engine.Engine [generated in 0.00026s] ()
INFO:     127.0.0.1:59532 - "GET /api/v1/compliance/requirements HTTP/1.1" 200 OK
2026-09-14 17:12:49,285 INFO sqlalchemy.engine.Engine ROLLBACK
2026-09-14 17:13:37,693 INFO sqlalchemy.engine.Engine BEGIN (implicit)
2026-09-14 17:13:37,693 INFO sqlalchemy.engine.Engine SELECT regulations.id, regulations.code, regulations.title, regulations.statute, regulations.section_reference, regulations.category, regulations.authority, regulations.description, regulations.consequence_of_non_compliance, regulations.version, regulations.is_active, regulations.created_at, regulations.updated_at 
FROM regulations
2026-09-14 17:13:37,693 INFO sqlalchemy.engine.Engine [cached since 48.42s ago] ()
INFO:     127.0.0.1:34298 - "GET /api/v1/compliance/requirements HTTP/1.1" 200 OK
2026-09-14 17:13:37,697 INFO sqlalchemy.engine.Engine ROLLBACK
2026-09-14 17:13:37,754 INFO sqlalchemy.engine.Engine BEGIN (implicit)
2026-09-14 17:13:37,756 INFO sqlalchemy.engine.Engine SELECT users.id, users.keycloak_subject, users.full_name, users.designation, users.email, users.mine_id, users.subsidiary_id, users.preferred_language, users.is_active, users.created_at, users.updated_at 
FROM users 
WHERE users.id = $1::UUID
2026-09-14 17:13:37,756 INFO sqlalchemy.engine.Engine [generated in 0.00020s] ('00000000-0000-0000-0000-000000000010',)
2026-09-14 17:13:37,776 INFO sqlalchemy.engine.Engine ROLLBACK
INFO:     127.0.0.1:34312 - "POST /api/v1/compliance/requirements HTTP/1.1" 422 Unprocessable Entity
2026-09-14 17:13:37,828 INFO sqlalchemy.engine.Engine BEGIN (implicit)
2026-09-14 17:13:37,828 INFO sqlalchemy.engine.Engine SELECT users.id, users.keycloak_subject, users.full_name, users.designation, users.email, users.mine_id, users.subsidiary_id, users.preferred_language, users.is_active, users.created_at, users.updated_at 
FROM users 
WHERE users.id = $1::UUID
2026-09-14 17:13:37,828 INFO sqlalchemy.engine.Engine [cached since 0.07179s ago] ('00000000-0000-0000-0000-000000000011',)
2026-09-14 17:13:37,855 INFO sqlalchemy.engine.Engine BEGIN (implicit)
2026-09-14 17:13:37,859 INFO sqlalchemy.engine.Engine SELECT compliance_instances.id, compliance_instances.requirement_id, compliance_instances.mine_id, compliance_instances.subsidiary_id, compliance_instances.period_start, compliance_instances.period_end, compliance_instances.due_date, compliance_instances.status, compliance_instances.is_late_submission, compliance_instances.assigned_to, compliance_instances.submitted_by, compliance_instances.submitted_at, compliance_instances.verified_by, compliance_instances.verified_at, compliance_instances.rejection_reason, compliance_instances.regulation_version, compliance_instances.submitted_to_authority_at, compliance_instances.submission_reference_number, compliance_instances.submitted_to_authority_by, compliance_instances.notes, compliance_instances.created_at, compliance_instances.updated_at 
FROM compliance_instances 
WHERE compliance_instances.mine_id = $1::UUID AND compliance_instances.status = $2::instance_status
2026-09-14 17:13:37,859 INFO sqlalchemy.engine.Engine [generated in 0.00023s] (UUID('00000000-0000-0000-0000-000000000004'), 'pending')
INFO:     127.0.0.1:34324 - "GET /api/v1/compliance/mines/00000000-0000-0000-0000-000000000004/instances?status=pending HTTP/1.1" 200 OK
2026-09-14 17:13:37,868 INFO sqlalchemy.engine.Engine ROLLBACK
2026-09-14 17:13:37,868 INFO sqlalchemy.engine.Engine ROLLBACK
2026-09-14 17:13:37,888 INFO sqlalchemy.engine.Engine BEGIN (implicit)
2026-09-14 17:13:37,888 INFO sqlalchemy.engine.Engine SELECT users.id, users.keycloak_subject, users.full_name, users.designation, users.email, users.mine_id, users.subsidiary_id, users.preferred_language, users.is_active, users.created_at, users.updated_at 
FROM users 
WHERE users.id = $1::UUID
2026-09-14 17:13:37,888 INFO sqlalchemy.engine.Engine [cached since 0.1318s ago] ('00000000-0000-0000-0000-000000000011',)
2026-09-14 17:13:37,889 INFO sqlalchemy.engine.Engine BEGIN (implicit)
2026-09-14 17:13:37,889 INFO sqlalchemy.engine.Engine SELECT compliance_instances.id, compliance_instances.requirement_id, compliance_instances.mine_id, compliance_instances.subsidiary_id, compliance_instances.period_start, compliance_instances.period_end, compliance_instances.due_date, compliance_instances.status, compliance_instances.is_late_submission, compliance_instances.assigned_to, compliance_instances.submitted_by, compliance_instances.submitted_at, compliance_instances.verified_by, compliance_instances.verified_at, compliance_instances.rejection_reason, compliance_instances.regulation_version, compliance_instances.submitted_to_authority_at, compliance_instances.submission_reference_number, compliance_instances.submitted_to_authority_by, compliance_instances.notes, compliance_instances.created_at, compliance_instances.updated_at 
FROM compliance_instances 
WHERE compliance_instances.mine_id = $1::UUID AND compliance_instances.status = $2::instance_status
2026-09-14 17:13:37,889 INFO sqlalchemy.engine.Engine [cached since 0.03034s ago] (UUID('00000000-0000-0000-0000-000000000004'), 'pending')
INFO:     127.0.0.1:34326 - "GET /api/v1/compliance/mines/00000000-0000-0000-0000-000000000004/instances?status=pending HTTP/1.1" 200 OK
2026-09-14 17:13:37,890 INFO sqlalchemy.engine.Engine ROLLBACK
2026-09-14 17:13:37,891 INFO sqlalchemy.engine.Engine ROLLBACK
2026-09-14 17:13:37,912 INFO sqlalchemy.engine.Engine BEGIN (implicit)
2026-09-14 17:13:37,912 INFO sqlalchemy.engine.Engine SELECT users.id, users.keycloak_subject, users.full_name, users.designation, users.email, users.mine_id, users.subsidiary_id, users.preferred_language, users.is_active, users.created_at, users.updated_at 
FROM users 
WHERE users.id = $1::UUID
2026-09-14 17:13:37,912 INFO sqlalchemy.engine.Engine [cached since 0.1557s ago] ('00000000-0000-0000-0000-000000000011',)
2026-09-14 17:13:37,913 INFO sqlalchemy.engine.Engine BEGIN (implicit)
2026-09-14 17:13:37,914 INFO sqlalchemy.engine.Engine SELECT compliance_instances.id, compliance_instances.requirement_id, compliance_instances.mine_id, compliance_instances.subsidiary_id, compliance_instances.period_start, compliance_instances.period_end, compliance_instances.due_date, compliance_instances.status, compliance_instances.is_late_submission, compliance_instances.assigned_to, compliance_instances.submitted_by, compliance_instances.submitted_at, compliance_instances.verified_by, compliance_instances.verified_at, compliance_instances.rejection_reason, compliance_instances.regulation_version, compliance_instances.submitted_to_authority_at, compliance_instances.submission_reference_number, compliance_instances.submitted_to_authority_by, compliance_instances.notes, compliance_instances.created_at, compliance_instances.updated_at 
FROM compliance_instances 
WHERE compliance_instances.mine_id = $1::UUID AND compliance_instances.due_date >= $2::DATE AND compliance_instances.due_date < $3::DATE
2026-09-14 17:13:37,914 INFO sqlalchemy.engine.Engine [generated in 0.00011s] (UUID('00000000-0000-0000-0000-000000000004'), datetime.date(2026, 10, 1), datetime.date(2026, 11, 1))
INFO:     127.0.0.1:34342 - "GET /api/v1/compliance/mines/00000000-0000-0000-0000-000000000004/instances?month=2026-10 HTTP/1.1" 200 OK
2026-09-14 17:13:37,915 INFO sqlalchemy.engine.Engine ROLLBACK
2026-09-14 17:13:37,916 INFO sqlalchemy.engine.Engine ROLLBACK
2026-09-14 17:13:37,916 INFO sqlalchemy.engine.Engine BEGIN (implicit)
2026-09-14 17:13:37,917 INFO sqlalchemy.engine.Engine SELECT users.id, users.keycloak_subject, users.full_name, users.designation, users.email, users.mine_id, users.subsidiary_id, users.preferred_language, users.is_active, users.created_at, users.updated_at 
FROM users 
WHERE users.id = $1::UUID
2026-09-14 17:13:37,917 INFO sqlalchemy.engine.Engine [cached since 0.1605s ago] ('00000000-0000-0000-0000-000000000011',)
2026-09-14 17:13:37,917 INFO sqlalchemy.engine.Engine BEGIN (implicit)
2026-09-14 17:13:37,918 INFO sqlalchemy.engine.Engine SELECT compliance_instances.id, compliance_instances.requirement_id, compliance_instances.mine_id, compliance_instances.subsidiary_id, compliance_instances.period_start, compliance_instances.period_end, compliance_instances.due_date, compliance_instances.status, compliance_instances.is_late_submission, compliance_instances.assigned_to, compliance_instances.submitted_by, compliance_instances.submitted_at, compliance_instances.verified_by, compliance_instances.verified_at, compliance_instances.rejection_reason, compliance_instances.regulation_version, compliance_instances.submitted_to_authority_at, compliance_instances.submission_reference_number, compliance_instances.submitted_to_authority_by, compliance_instances.notes, compliance_instances.created_at, compliance_instances.updated_at 
FROM compliance_instances 
WHERE compliance_instances.mine_id = $1::UUID AND compliance_instances.status = $2::instance_status
2026-09-14 17:13:37,918 INFO sqlalchemy.engine.Engine [cached since 0.05882s ago] (UUID('00000000-0000-0000-0000-000000000004'), 'breached')
INFO:     127.0.0.1:34342 - "GET /api/v1/compliance/mines/00000000-0000-0000-0000-000000000004/instances?status=breached HTTP/1.1" 200 OK
2026-09-14 17:13:37,919 INFO sqlalchemy.engine.Engine ROLLBACK
2026-09-14 17:13:37,919 INFO sqlalchemy.engine.Engine ROLLBACK
2026-09-14 17:13:37,937 INFO sqlalchemy.engine.Engine BEGIN (implicit)
2026-09-14 17:13:37,938 INFO sqlalchemy.engine.Engine SELECT users.id, users.keycloak_subject, users.full_name, users.designation, users.email, users.mine_id, users.subsidiary_id, users.preferred_language, users.is_active, users.created_at, users.updated_at 
FROM users 
WHERE users.id = $1::UUID
2026-09-14 17:13:37,938 INFO sqlalchemy.engine.Engine [cached since 0.1816s ago] ('00000000-0000-0000-0000-000000000013',)
2026-09-14 17:13:37,939 INFO sqlalchemy.engine.Engine BEGIN (implicit)
2026-09-14 17:13:37,939 INFO sqlalchemy.engine.Engine SELECT compliance_instances.id, compliance_instances.requirement_id, compliance_instances.mine_id, compliance_instances.subsidiary_id, compliance_instances.period_start, compliance_instances.period_end, compliance_instances.due_date, compliance_instances.status, compliance_instances.is_late_submission, compliance_instances.assigned_to, compliance_instances.submitted_by, compliance_instances.submitted_at, compliance_instances.verified_by, compliance_instances.verified_at, compliance_instances.rejection_reason, compliance_instances.regulation_version, compliance_instances.submitted_to_authority_at, compliance_instances.submission_reference_number, compliance_instances.submitted_to_authority_by, compliance_instances.notes, compliance_instances.created_at, compliance_instances.updated_at 
FROM compliance_instances 
WHERE compliance_instances.mine_id = $1::UUID AND compliance_instances.status = $2::instance_status
2026-09-14 17:13:37,939 INFO sqlalchemy.engine.Engine [cached since 0.08008s ago] (UUID('00000000-0000-0000-0000-000000000004'), 'pending')
INFO:     127.0.0.1:34352 - "GET /api/v1/compliance/mines/00000000-0000-0000-0000-000000000004/instances?status=pending HTTP/1.1" 200 OK
2026-09-14 17:13:37,940 INFO sqlalchemy.engine.Engine ROLLBACK
2026-09-14 17:13:37,940 INFO sqlalchemy.engine.Engine ROLLBACK
2026-09-14 17:13:37,960 INFO sqlalchemy.engine.Engine BEGIN (implicit)
2026-09-14 17:13:37,961 INFO sqlalchemy.engine.Engine SELECT users.id, users.keycloak_subject, users.full_name, users.designation, users.email, users.mine_id, users.subsidiary_id, users.preferred_language, users.is_active, users.created_at, users.updated_at 
FROM users 
WHERE users.id = $1::UUID
2026-09-14 17:13:37,961 INFO sqlalchemy.engine.Engine [cached since 0.2046s ago] ('00000000-0000-0000-0000-000000000011',)
2026-09-14 17:13:37,962 INFO sqlalchemy.engine.Engine BEGIN (implicit)
2026-09-14 17:13:37,962 INFO sqlalchemy.engine.Engine SELECT compliance_instances.id, compliance_instances.requirement_id, compliance_instances.mine_id, compliance_instances.subsidiary_id, compliance_instances.period_start, compliance_instances.period_end, compliance_instances.due_date, compliance_instances.status, compliance_instances.is_late_submission, compliance_instances.assigned_to, compliance_instances.submitted_by, compliance_instances.submitted_at, compliance_instances.verified_by, compliance_instances.verified_at, compliance_instances.rejection_reason, compliance_instances.regulation_version, compliance_instances.submitted_to_authority_at, compliance_instances.submission_reference_number, compliance_instances.submitted_to_authority_by, compliance_instances.notes, compliance_instances.created_at, compliance_instances.updated_at 
FROM compliance_instances 
WHERE compliance_instances.mine_id = $1::UUID AND compliance_instances.status = $2::instance_status
2026-09-14 17:13:37,962 INFO sqlalchemy.engine.Engine [cached since 0.1029s ago] (UUID('00000000-0000-0000-0000-000000000004'), 'in_progress')
INFO:     127.0.0.1:34362 - "GET /api/v1/compliance/mines/00000000-0000-0000-0000-000000000004/instances?status=in_progress HTTP/1.1" 200 OK
2026-09-14 17:13:37,963 INFO sqlalchemy.engine.Engine ROLLBACK
2026-09-14 17:13:37,963 INFO sqlalchemy.engine.Engine ROLLBACK
2026-09-14 17:13:37,981 INFO sqlalchemy.engine.Engine BEGIN (implicit)
2026-09-14 17:13:37,981 INFO sqlalchemy.engine.Engine SELECT users.id, users.keycloak_subject, users.full_name, users.designation, users.email, users.mine_id, users.subsidiary_id, users.preferred_language, users.is_active, users.created_at, users.updated_at 
FROM users 
WHERE users.id = $1::UUID
2026-09-14 17:13:37,981 INFO sqlalchemy.engine.Engine [cached since 0.2251s ago] ('00000000-0000-0000-0000-000000000011',)
2026-09-14 17:13:37,982 INFO sqlalchemy.engine.Engine BEGIN (implicit)
2026-09-14 17:13:37,982 INFO sqlalchemy.engine.Engine SELECT compliance_instances.id, compliance_instances.requirement_id, compliance_instances.mine_id, compliance_instances.subsidiary_id, compliance_instances.period_start, compliance_instances.period_end, compliance_instances.due_date, compliance_instances.status, compliance_instances.is_late_submission, compliance_instances.assigned_to, compliance_instances.submitted_by, compliance_instances.submitted_at, compliance_instances.verified_by, compliance_instances.verified_at, compliance_instances.rejection_reason, compliance_instances.regulation_version, compliance_instances.submitted_to_authority_at, compliance_instances.submission_reference_number, compliance_instances.submitted_to_authority_by, compliance_instances.notes, compliance_instances.created_at, compliance_instances.updated_at 
FROM compliance_instances 
WHERE compliance_instances.mine_id = $1::UUID AND compliance_instances.status = $2::instance_status
2026-09-14 17:13:37,982 INFO sqlalchemy.engine.Engine [cached since 0.1234s ago] (UUID('00000000-0000-0000-0000-000000000004'), 'in_progress')
INFO:     127.0.0.1:34370 - "GET /api/v1/compliance/mines/00000000-0000-0000-0000-000000000004/instances?status=in_progress HTTP/1.1" 200 OK
2026-09-14 17:13:37,983 INFO sqlalchemy.engine.Engine ROLLBACK
2026-09-14 17:13:37,983 INFO sqlalchemy.engine.Engine ROLLBACK
2026-09-14 17:13:38,002 INFO sqlalchemy.engine.Engine BEGIN (implicit)
2026-09-14 17:13:38,003 INFO sqlalchemy.engine.Engine SELECT users.id, users.keycloak_subject, users.full_name, users.designation, users.email, users.mine_id, users.subsidiary_id, users.preferred_language, users.is_active, users.created_at, users.updated_at 
FROM users 
WHERE users.id = $1::UUID
2026-09-14 17:13:38,003 INFO sqlalchemy.engine.Engine [cached since 0.2466s ago] ('00000000-0000-0000-0000-000000000012',)
2026-09-14 17:13:38,004 INFO sqlalchemy.engine.Engine BEGIN (implicit)
2026-09-14 17:13:38,004 INFO sqlalchemy.engine.Engine SELECT compliance_instances.id, compliance_instances.requirement_id, compliance_instances.mine_id, compliance_instances.subsidiary_id, compliance_instances.period_start, compliance_instances.period_end, compliance_instances.due_date, compliance_instances.status, compliance_instances.is_late_submission, compliance_instances.assigned_to, compliance_instances.submitted_by, compliance_instances.submitted_at, compliance_instances.verified_by, compliance_instances.verified_at, compliance_instances.rejection_reason, compliance_instances.regulation_version, compliance_instances.submitted_to_authority_at, compliance_instances.submission_reference_number, compliance_instances.submitted_to_authority_by, compliance_instances.notes, compliance_instances.created_at, compliance_instances.updated_at 
FROM compliance_instances 
WHERE compliance_instances.mine_id = $1::UUID AND compliance_instances.status = $2::instance_status
2026-09-14 17:13:38,004 INFO sqlalchemy.engine.Engine [cached since 0.1448s ago] (UUID('00000000-0000-0000-0000-000000000004'), 'submitted')
INFO:     127.0.0.1:34372 - "GET /api/v1/compliance/mines/00000000-0000-0000-0000-000000000004/instances?status=submitted HTTP/1.1" 200 OK
2026-09-14 17:13:38,004 INFO sqlalchemy.engine.Engine ROLLBACK
2026-09-14 17:13:38,005 INFO sqlalchemy.engine.Engine ROLLBACK
2026-09-14 17:13:38,025 INFO sqlalchemy.engine.Engine BEGIN (implicit)
2026-09-14 17:13:38,025 INFO sqlalchemy.engine.Engine SELECT users.id, users.keycloak_subject, users.full_name, users.designation, users.email, users.mine_id, users.subsidiary_id, users.preferred_language, users.is_active, users.created_at, users.updated_at 
FROM users 
WHERE users.id = $1::UUID
2026-09-14 17:13:38,025 INFO sqlalchemy.engine.Engine [cached since 0.2692s ago] ('00000000-0000-0000-0000-000000000012',)
2026-09-14 17:13:38,026 INFO sqlalchemy.engine.Engine BEGIN (implicit)
2026-09-14 17:13:38,026 INFO sqlalchemy.engine.Engine SELECT compliance_instances.id, compliance_instances.requirement_id, compliance_instances.mine_id, compliance_instances.subsidiary_id, compliance_instances.period_start, compliance_instances.period_end, compliance_instances.due_date, compliance_instances.status, compliance_instances.is_late_submission, compliance_instances.assigned_to, compliance_instances.submitted_by, compliance_instances.submitted_at, compliance_instances.verified_by, compliance_instances.verified_at, compliance_instances.rejection_reason, compliance_instances.regulation_version, compliance_instances.submitted_to_authority_at, compliance_instances.submission_reference_number, compliance_instances.submitted_to_authority_by, compliance_instances.notes, compliance_instances.created_at, compliance_instances.updated_at 
FROM compliance_instances 
WHERE compliance_instances.mine_id = $1::UUID AND compliance_instances.status = $2::instance_status
2026-09-14 17:13:38,026 INFO sqlalchemy.engine.Engine [cached since 0.1675s ago] (UUID('00000000-0000-0000-0000-000000000004'), 'submitted')
INFO:     127.0.0.1:34382 - "GET /api/v1/compliance/mines/00000000-0000-0000-0000-000000000004/instances?status=submitted HTTP/1.1" 200 OK
2026-09-14 17:13:38,027 INFO sqlalchemy.engine.Engine ROLLBACK
2026-09-14 17:13:38,027 INFO sqlalchemy.engine.Engine ROLLBACK
2026-09-14 17:13:38,045 INFO sqlalchemy.engine.Engine BEGIN (implicit)
2026-09-14 17:13:38,046 INFO sqlalchemy.engine.Engine SELECT users.id, users.keycloak_subject, users.full_name, users.designation, users.email, users.mine_id, users.subsidiary_id, users.preferred_language, users.is_active, users.created_at, users.updated_at 
FROM users 
WHERE users.id = $1::UUID
2026-09-14 17:13:38,046 INFO sqlalchemy.engine.Engine [cached since 0.2896s ago] ('00000000-0000-0000-0000-000000000011',)
2026-09-14 17:13:38,047 INFO sqlalchemy.engine.Engine BEGIN (implicit)
2026-09-14 17:13:38,047 INFO sqlalchemy.engine.Engine SELECT compliance_instances.id, compliance_instances.requirement_id, compliance_instances.mine_id, compliance_instances.subsidiary_id, compliance_instances.period_start, compliance_instances.period_end, compliance_instances.due_date, compliance_instances.status, compliance_instances.is_late_submission, compliance_instances.assigned_to, compliance_instances.submitted_by, compliance_instances.submitted_at, compliance_instances.verified_by, compliance_instances.verified_at, compliance_instances.rejection_reason, compliance_instances.regulation_version, compliance_instances.submitted_to_authority_at, compliance_instances.submission_reference_number, compliance_instances.submitted_to_authority_by, compliance_instances.notes, compliance_instances.created_at, compliance_instances.updated_at 
FROM compliance_instances 
WHERE compliance_instances.mine_id = $1::UUID AND compliance_instances.status = $2::instance_status
2026-09-14 17:13:38,047 INFO sqlalchemy.engine.Engine [cached since 0.1881s ago] (UUID('00000000-0000-0000-0000-000000000004'), 'breached')
INFO:     127.0.0.1:34392 - "GET /api/v1/compliance/mines/00000000-0000-0000-0000-000000000004/instances?status=breached HTTP/1.1" 200 OK
2026-09-14 17:13:38,048 INFO sqlalchemy.engine.Engine ROLLBACK
2026-09-14 17:13:38,048 INFO sqlalchemy.engine.Engine ROLLBACK
INFO:     Shutting down
INFO:     Waiting for application shutdown.
INFO:     Application shutdown complete.
INFO:     Finished server process [98558]
